
> orechdin-web@1.0.0 build
> next build

   ▲ Next.js 15.5.15
   - Environments: .env.local

   Creating an optimized production build ...
 ✓ Compiled successfully in 36.8s
   Linting and checking validity of types ...
   Collecting page data ...
 ⚠ Using edge runtime on a page currently disables static generation for that page
   Generating static pages (0/13) ...
   Generating static pages (3/13) 
   Generating static pages (6/13) 
   Generating static pages (9/13) 
 ✓ Generating static pages (13/13)
   Finalizing page optimization ...
   Collecting build traces ...

Route (app)                                 Size  First Load JS
┌ ○ /_not-found                            175 B         102 kB
├ ƒ /[locale]                              842 B         125 kB
├ ƒ /[locale]/case                         18 kB         256 kB
├ ƒ /[locale]/contact                    1.07 kB         188 kB
├ ƒ /[locale]/lawyers                      190 B         125 kB
├ ƒ /[locale]/office                       293 B         120 kB
├ ƒ /[locale]/privacy                      293 B         120 kB
├ ƒ /[locale]/services                     904 B         120 kB
├ ƒ /[locale]/sign-in                    1.15 kB         117 kB
├ ƒ /[locale]/sign-up                    1.17 kB         117 kB
├ ƒ /[locale]/verify-email               1.24 kB         117 kB
├ ƒ /api/auth/[...all]                     175 B         102 kB
├ ƒ /api/neo/case-file                     175 B         102 kB
├ ƒ /api/v1/freeai/nokey/admin/status      175 B         102 kB
├ ƒ /api/v1/freeai/nokey/chat              175 B         102 kB
├ ƒ /api/v1/freeai/nokey/image             175 B         102 kB
├ ƒ /api/v1/freeai/nokey/setup             175 B         102 kB
├ ƒ /api/v1/freeai/nokey/status            175 B         102 kB
├ ƒ /api/v1/infer                          175 B         102 kB
├ ƒ /apple-icon                            175 B         102 kB
├ ○ /icon.svg                                0 B            0 B
├ ○ /manifest.webmanifest                  175 B         102 kB
├ ƒ /opengraph-image                       175 B         102 kB
├ ○ /robots.txt                            175 B         102 kB
├ ○ /sitemap.xml                           175 B         102 kB
└ ƒ /twitter-image                         175 B         102 kB
+ First Load JS shared by all             102 kB
  ├ chunks/1255-5fe68596fe147850.js        46 kB
  ├ chunks/4bd1b696-f785427dddbba9fb.js  54.2 kB
  └ other shared chunks (total)             2 kB


ƒ Middleware                               89 kB

○  (Static)   prerendered as static content
ƒ  (Dynamic)  server-rendered on demand

