
> orechdin-web@1.0.0 build
> next build

   ▲ Next.js 15.5.15
   - Environments: .env.local

   Creating an optimized production build ...
 ✓ Compiled successfully in 37.3s
   Linting and checking validity of types ...

./components/neo/neo-chat-surface.tsx
147:6  Warning: React Hook useCallback has an unnecessary dependency: 'tNeo'. Either exclude it or remove the dependency array.  react-hooks/exhaustive-deps

info  - Need to disable some ESLint rules? Learn more here: https://nextjs.org/docs/app/api-reference/config/eslint#disabling-rules
   Collecting page data ...
 ⚠ Using edge runtime on a page currently disables static generation for that page
   Generating static pages (0/13) ...
 ⚠ metadataBase property in metadata export is not set for resolving social open graph or twitter images, using "http://localhost:3000". See https://nextjs.org/docs/app/api-reference/functions/generate-metadata#metadatabase
   Generating static pages (3/13) 
   Generating static pages (6/13) 
   Generating static pages (9/13) 
 ✓ Generating static pages (13/13)
   Finalizing page optimization ...
   Collecting build traces ...

Route (app)                                 Size  First Load JS
┌ ○ /_not-found                            996 B         103 kB
├ ƒ /[locale]                              842 B         125 kB
├ ƒ /[locale]/case                         18 kB         256 kB
├ ƒ /[locale]/contact                    1.08 kB         187 kB
├ ƒ /[locale]/lawyers                      190 B         125 kB
├ ƒ /[locale]/office                       293 B         120 kB
├ ƒ /[locale]/privacy                      293 B         120 kB
├ ƒ /[locale]/services                     904 B         120 kB
├ ƒ /[locale]/sign-in                    1.15 kB         117 kB
├ ƒ /[locale]/sign-up                    1.17 kB         117 kB
├ ƒ /[locale]/verify-email               1.24 kB         117 kB
├ ƒ /api/auth/[...all]                     172 B         102 kB
├ ƒ /api/neo/case-file                     172 B         102 kB
├ ƒ /api/v1/freeai/nokey/admin/status      172 B         102 kB
├ ƒ /api/v1/freeai/nokey/chat              172 B         102 kB
├ ƒ /api/v1/freeai/nokey/image             172 B         102 kB
├ ƒ /api/v1/freeai/nokey/setup             172 B         102 kB
├ ƒ /api/v1/freeai/nokey/status            172 B         102 kB
├ ƒ /api/v1/infer                          172 B         102 kB
├ ƒ /apple-icon                            172 B         102 kB
├ ○ /icon.svg                                0 B            0 B
├ ○ /manifest.webmanifest                  172 B         102 kB
├ ƒ /opengraph-image                       172 B         102 kB
├ ○ /robots.txt                            172 B         102 kB
├ ○ /sitemap.xml                           172 B         102 kB
└ ƒ /twitter-image                         172 B         102 kB
+ First Load JS shared by all             102 kB
  ├ chunks/1255-5fe68596fe147850.js        46 kB
  ├ chunks/4bd1b696-f785427dddbba9fb.js  54.2 kB
  └ other shared chunks (total)             2 kB


ƒ Middleware                               89 kB

○  (Static)   prerendered as static content
ƒ  (Dynamic)  server-rendered on demand

